
> darwin-founder-twin@1.0.0 dev
> next dev -p 3000

▲ Next.js 16.2.7 (Turbopack)
- Local:         http://localhost:3000
- Network:       http://10.160.248.87:3000
- Environments: .env.local
✓ Ready in 327ms
- Experiments (use with caution):
  · serverActions

 GET /auth 200 in 598ms (next.js: 326ms, application-code: 272ms)
 GET /auth 200 in 592ms (next.js: 478ms, application-code: 114ms)
 GET /firebase-messaging-sw.js 404 in 37ms (next.js: 12ms, application-code: 25ms)
 GET /auth 200 in 33ms (next.js: 2ms, application-code: 31ms)
 GET /firebase-messaging-sw.js 404 in 22ms (next.js: 3ms, application-code: 20ms)
 GET /firebase-messaging-sw.js 404 in 30ms (next.js: 3ms, application-code: 27ms)
 GET /firebase-messaging-sw.js 404 in 23ms (next.js: 3ms, application-code: 20ms)
 GET /onboarding 200 in 31ms (next.js: 14ms, application-code: 16ms)
[browser] Detected `scroll-behavior: smooth` on the `<html>` element. To disable smooth scrolling during route transitions, add `data-scroll-behavior="smooth"` to your <html> element. Learn more: https://nextjs.org/docs/messages/missing-data-scroll-behavior
 GET /firebase-messaging-sw.js 404 in 27ms (next.js: 3ms, application-code: 24ms)
 GET /dashboard?twin_id=twin_c76f3fef 200 in 31ms (next.js: 15ms, application-code: 16ms)
✓ Compiled in 381ms
✓ Compiled in 256ms
 GET /dashboard?twin_id=twin_c76f3fef 200 in 151ms (next.js: 50ms, application-code: 101ms)
 GET /auth 200 in 75ms (next.js: 8ms, application-code: 67ms)
 GET /dashboard?twin_id=twin_c76f3fef 200 in 76ms (next.js: 1767µs, application-code: 74ms)
 GET /auth 200 in 66ms (next.js: 3ms, application-code: 63ms)
 GET /dashboard?twin_id=twin_c76f3fef 200 in 53ms (next.js: 2ms, application-code: 51ms)
 GET /auth 200 in 36ms (next.js: 5ms, application-code: 31ms)
 GET /auth 200 in 138ms (next.js: 46ms, application-code: 91ms)
 GET /dashboard?twin_id=twin_c76f3fef 200 in 140ms (next.js: 24ms, application-code: 116ms)
 GET /dashboard?twin_id=twin_c76f3fef 200 in 81ms (next.js: 16ms, application-code: 65ms)
 GET /auth 200 in 49ms (next.js: 7ms, application-code: 43ms)
 GET /dashboard?twin_id=twin_c76f3fef 200 in 31ms (next.js: 1898µs, application-code: 29ms)
 GET /auth 200 in 16ms (next.js: 3ms, application-code: 12ms)
✓ Compiled in 397ms
✓ Compiled in 80ms
✓ Compiled in 132ms
✓ Compiled in 96ms
 GET / 200 in 218ms (next.js: 70ms, application-code: 148ms)
 GET /onboarding 200 in 31ms (next.js: 15ms, application-code: 16ms)
[browser] Detected `scroll-behavior: smooth` on the `<html>` element. To disable smooth scrolling during route transitions, add `data-scroll-behavior="smooth"` to your <html> element. Learn more: https://nextjs.org/docs/messages/missing-data-scroll-behavior
 GET /firebase-messaging-sw.js 404 in 42ms (next.js: 11ms, application-code: 31ms)
 GET / 200 in 48ms (next.js: 15ms, application-code: 33ms)
 GET /firebase-messaging-sw.js 404 in 29ms (next.js: 6ms, application-code: 23ms)
 GET / 200 in 42ms (next.js: 7ms, application-code: 36ms)
 GET /onboarding 200 in 17ms (next.js: 5ms, application-code: 12ms)
[browser] Detected `scroll-behavior: smooth` on the `<html>` element. To disable smooth scrolling during route transitions, add `data-scroll-behavior="smooth"` to your <html> element. Learn more: https://nextjs.org/docs/messages/missing-data-scroll-behavior
 GET /auth 200 in 61ms (next.js: 4ms, application-code: 57ms)
 GET /auth 200 in 28ms (next.js: 3ms, application-code: 25ms)
 GET /onboarding 200 in 26ms (next.js: 6ms, application-code: 20ms)
 GET /dashboard?twin_id=twin_f7ac4913 200 in 23ms (next.js: 5ms, application-code: 18ms)
[?25h
