[     282ms] [INFO] %cDownload the React DevTools for a better development experience: https://react.dev/link/react-devtools font-weight:bold @ http://localhost:3000/_next/static/chunks/node_modules_next_dist_1ybzpk2._.js:2477
[     343ms] [LOG] [HMR] connected @ http://localhost:3000/_next/static/chunks/node_modules_next_dist_1ybzpk2._.js:2477
[     403ms] [ERROR] Failed to load resource: the server responded with a status of 404 (Not Found) @ http://localhost:3000/favicon.ico:0
[   21748ms] [LOG] [Fast Refresh] rebuilding @ http://localhost:3000/_next/static/chunks/node_modules_next_dist_1ybzpk2._.js:2477
[   22119ms] [ERROR] ./src/index.css:1842:8
Parsing CSS source code failed
  1840 |   }
  1841 | }
> 1842 | @import url("https://fonts.googleapis.com/css2?family=Inter:wght@300...
       |        ^
  1843 | * {
  1844 |   box-sizing: border-box;
  1845 | }

@import rules must precede all rules aside from @charset and @layer statements

Generated code of PostCSS transform of file content of src/index.css:
./src/index.css:1842:8
  1840 |   }
  1841 | }
> 1842 | @import url("https://fonts.googleapis.com/css2?family=Inter:wght@300...
       |        ^
  1843 | * {
  1844 |   box-sizing: border-box;
  1845 | }

Import trace:
  Client Component Browser:
    ./src/index.css [Client Component Browser]
    ./src/app/layout.tsx [Server Component] @ http://localhost:3000/_next/static/chunks/node_modules_next_dist_1ybzpk2._.js:3318
[   22208ms] [ERROR] ./src/index.css:1842:8
Parsing CSS source code failed
  1840 |   }
  1841 | }
> 1842 | @import url("https://fonts.googleapis.com/css2?family=Inter:wght@300...
       |        ^
  1843 | * {
  1844 |   box-sizing: border-box;
  1845 | }

@import rules must precede all rules aside from @charset and @layer statements

Generated code of PostCSS transform of file content of src/index.css:
./src/index.css:1842:8
  1840 |   }
  1841 | }
> 1842 | @import url("https://fonts.googleapis.com/css2?family=Inter:wght@300...
       |        ^
  1843 | * {
  1844 |   box-sizing: border-box;
  1845 | }

Import trace:
  Client Component Browser:
    ./src/index.css [Client Component Browser]
    ./src/app/layout.tsx [Server Component] @ http://localhost:3000/_next/static/chunks/node_modules_next_dist_1ybzpk2._.js:3318
[   22308ms] [LOG] [Fast Refresh] rebuilding @ http://localhost:3000/_next/static/chunks/node_modules_next_dist_1ybzpk2._.js:2477
[   23098ms] [ERROR] ./src/index.css:1842:8
Parsing CSS source code failed
  1840 |   }
  1841 | }
> 1842 | @import url("https://fonts.googleapis.com/css2?family=Inter:wght@300...
       |        ^
  1843 | * {
  1844 |   box-sizing: border-box;
  1845 | }

@import rules must precede all rules aside from @charset and @layer statements

Generated code of PostCSS transform of file content of src/index.css:
./src/index.css:1842:8
  1840 |   }
  1841 | }
> 1842 | @import url("https://fonts.googleapis.com/css2?family=Inter:wght@300...
       |        ^
  1843 | * {
  1844 |   box-sizing: border-box;
  1845 | }

Import trace:
  Client Component Browser:
    ./src/index.css [Client Component Browser]
    ./src/app/layout.tsx [Server Component] @ http://localhost:3000/_next/static/chunks/node_modules_next_dist_1ybzpk2._.js:3318
[   23101ms] [ERROR] Failed to load resource: the server responded with a status of 500 (Internal Server Error) @ http://localhost:3000/?_rsc=q3mOO9BClNZHexY7:0
[   23137ms] [ERROR] Failed to load resource: the server responded with a status of 500 (Internal Server Error) @ http://localhost:3000/?_rsc=q3mOO9BClNZHexY7:0
[   23160ms] [ERROR] Failed to load resource: the server responded with a status of 500 (Internal Server Error) @ http://localhost:3000/:0
[   23272ms] [INFO] %cDownload the React DevTools for a better development experience: https://react.dev/link/react-devtools font-weight:bold @ http://localhost:3000/_next/static/chunks/node_modules_react-dom_0kla17-._.js:15305
[   23346ms] Error: ./src/index.css:1842:8
Parsing CSS source code failed
  1840 |   }
  1841 | }
> 1842 | @import url("https://fonts.googleapis.com/css2?family=Inter:wght@300...
       |        ^
  1843 | * {
  1844 |   box-sizing: border-box;
  1845 | }

@import rules must precede all rules aside from @charset and @layer statements

Generated code of PostCSS transform of file content of src/index.css:
./src/index.css:1842:8
  1840 |   }
  1841 | }
> 1842 | @import url("https://fonts.googleapis.com/css2?family=Inter:wght@300...
       |        ^
  1843 | * {
  1844 |   box-sizing: border-box;
  1845 | }

Import trace:
  Client Component Browser:
    ./src/index.css [Client Component Browser]
    ./src/app/layout.tsx [Server Component]


    at <unknown> (Error: ./src/index.css:1842:8)
    at <unknown> (./src/index.css:1842:8)
    at Object.getCompilationErrors (file:///home/balaraj/Darwin/frontend/node_modules/next/dist/server/dev/hot-reloader-turbopack.js:1186:59)
    at DevBundlerService.getCompilationError (file:///home/balaraj/Darwin/frontend/node_modules/next/dist/server/lib/dev-bundler-service.js:44:55)
    at DevServer.getCompilationError (file:///home/balaraj/Darwin/frontend/node_modules/next/dist/server/dev/next-dev-server.js:720:42)
    at DevServer.findPageComponents (file:///home/balaraj/Darwin/frontend/node_modules/next/dist/server/dev/next-dev-server.js:690:43)
    at async DevServer.renderErrorToResponseImpl (file:///home/balaraj/Darwin/frontend/node_modules/next/dist/server/base-server.js:1753:26)
[   23345ms] [LOG] [HMR] connected @ http://localhost:3000/_next/static/chunks/node_modules_next_dist_1gdrd03._.js:1226
[   23350ms] [ERROR] ./src/index.css:1842:8
Parsing CSS source code failed
  1840 |   }
  1841 | }
> 1842 | @import url("https://fonts.googleapis.com/css2?family=Inter:wght@300...
       |        ^
  1843 | * {
  1844 |   box-sizing: border-box;
  1845 | }

@import rules must precede all rules aside from @charset and @layer statements

Generated code of PostCSS transform of file content of src/index.css:
./src/index.css:1842:8
  1840 |   }
  1841 | }
> 1842 | @import url("https://fonts.googleapis.com/css2?family=Inter:wght@300...
       |        ^
  1843 | * {
  1844 |   box-sizing: border-box;
  1845 | }

Import trace:
  Client Component Browser:
    ./src/index.css [Client Component Browser]
    ./src/app/layout.tsx [Server Component] @ http://localhost:3000/_next/static/chunks/node_modules_next_dist_1gdrd03._.js:1945
[   23350ms] [ERROR] ./src/index.css:1842:8
Parsing CSS source code failed
  1840 |   }
  1841 | }
> 1842 | @import url("https://fonts.googleapis.com/css2?family=Inter:wght@300...
       |        ^
  1843 | * {
  1844 |   box-sizing: border-box;
  1845 | }

@import rules must precede all rules aside from @charset and @layer statements

Generated code of PostCSS transform of file content of src/index.css:
./src/index.css:1842:8
  1840 |   }
  1841 | }
> 1842 | @import url("https://fonts.googleapis.com/css2?family=Inter:wght@300...
       |        ^
  1843 | * {
  1844 |   box-sizing: border-box;
  1845 | }

Import trace:
  Client Component Browser:
    ./src/index.css [Client Component Browser]
    ./src/app/layout.tsx [Server Component] @ http://localhost:3000/_next/static/chunks/node_modules_next_dist_1gdrd03._.js:1945
[   23418ms] [ERROR] ./src/index.css:1842:8
Parsing CSS source code failed
  1840 |   }
  1841 | }
> 1842 | @import url("https://fonts.googleapis.com/css2?family=Inter:wght@300...
       |        ^
  1843 | * {
  1844 |   box-sizing: border-box;
  1845 | }

@import rules must precede all rules aside from @charset and @layer statements

Generated code of PostCSS transform of file content of src/index.css:
./src/index.css:1842:8
  1840 |   }
  1841 | }
> 1842 | @import url("https://fonts.googleapis.com/css2?family=Inter:wght@300...
       |        ^
  1843 | * {
  1844 |   box-sizing: border-box;
  1845 | }

Import trace:
  Client Component Browser:
    ./src/index.css [Client Component Browser]
    ./src/app/layout.tsx [Server Component] @ http://localhost:3000/_next/static/chunks/node_modules_next_dist_1gdrd03._.js:1945
[   24921ms] [ERROR] ./src/index.css:1842:8
Parsing CSS source code failed
  1840 |   }
  1841 | }
> 1842 | @import url("https://fonts.googleapis.com/css2?family=Inter:wght@300...
       |        ^
  1843 | * {
  1844 |   box-sizing: border-box;
  1845 | }

@import rules must precede all rules aside from @charset and @layer statements

Generated code of PostCSS transform of file content of src/index.css:
./src/index.css:1842:8
  1840 |   }
  1841 | }
> 1842 | @import url("https://fonts.googleapis.com/css2?family=Inter:wght@300...
       |        ^
  1843 | * {
  1844 |   box-sizing: border-box;
  1845 | }

Import trace:
  Client Component Browser:
    ./src/index.css [Client Component Browser]
    ./src/app/layout.tsx [Server Component] @ http://localhost:3000/_next/static/chunks/node_modules_next_dist_1gdrd03._.js:1945
[   24988ms] [LOG] [Fast Refresh] rebuilding @ http://localhost:3000/_next/static/chunks/node_modules_next_dist_1gdrd03._.js:1226
[   29870ms] [ERROR] WebSocket connection to 'ws://localhost:3000/_next/webpack-hmr' failed: Error in connection establishment: net::ERR_CONNECTION_REFUSED @ http://localhost:3000/_next/static/chunks/node_modules_next_dist_client_16lnmlo._.js:2343
[   30872ms] [ERROR] WebSocket connection to 'ws://localhost:3000/_next/webpack-hmr' failed: Error in connection establishment: net::ERR_CONNECTION_REFUSED @ http://localhost:3000/_next/static/chunks/node_modules_next_dist_client_16lnmlo._.js:2343
[   31873ms] [ERROR] WebSocket connection to 'ws://localhost:3000/_next/webpack-hmr' failed: Error in connection establishment: net::ERR_CONNECTION_REFUSED @ http://localhost:3000/_next/static/chunks/node_modules_next_dist_client_16lnmlo._.js:2343
[   32874ms] [ERROR] WebSocket connection to 'ws://localhost:3000/_next/webpack-hmr' failed: Error in connection establishment: net::ERR_CONNECTION_REFUSED @ http://localhost:3000/_next/static/chunks/node_modules_next_dist_client_16lnmlo._.js:2343
[   33875ms] [ERROR] WebSocket connection to 'ws://localhost:3000/_next/webpack-hmr' failed: Error in connection establishment: net::ERR_CONNECTION_REFUSED @ http://localhost:3000/_next/static/chunks/node_modules_next_dist_client_16lnmlo._.js:2343
[   38880ms] [LOG] [HMR] connected @ http://localhost:3000/_next/static/chunks/node_modules_next_dist_1gdrd03._.js:1226
[   39091ms] [ERROR] Failed to load resource: the server responded with a status of 500 (Internal Server Error) @ http://localhost:3000/:0
[   39132ms] [INFO] %cDownload the React DevTools for a better development experience: https://react.dev/link/react-devtools font-weight:bold @ http://localhost:3000/_next/static/chunks/node_modules_react-dom_0kla17-._.js:15305
[   39155ms] Error: ./src/index.css:1842:8
Parsing CSS source code failed
  1840 |   }
  1841 | }
> 1842 | @import url("https://fonts.googleapis.com/css2?family=Inter:wght@300...
       |        ^
  1843 | * {
  1844 |   box-sizing: border-box;
  1845 | }

@import rules must precede all rules aside from @charset and @layer statements

Generated code of PostCSS transform of file content of src/index.css:
./src/index.css:1842:8
  1840 |   }
  1841 | }
> 1842 | @import url("https://fonts.googleapis.com/css2?family=Inter:wght@300...
       |        ^
  1843 | * {
  1844 |   box-sizing: border-box;
  1845 | }

Import trace:
  Client Component Browser:
    ./src/index.css [Client Component Browser]
    ./src/app/layout.tsx [Server Component]


    at <unknown> (Error: ./src/index.css:1842:8)
    at <unknown> (./src/index.css:1842:8)
    at Object.getCompilationErrors (file:///home/balaraj/Darwin/frontend/node_modules/next/dist/server/dev/hot-reloader-turbopack.js:1186:59)
    at DevBundlerService.getCompilationError (file:///home/balaraj/Darwin/frontend/node_modules/next/dist/server/lib/dev-bundler-service.js:44:55)
    at DevServer.getCompilationError (file:///home/balaraj/Darwin/frontend/node_modules/next/dist/server/dev/next-dev-server.js:720:42)
    at DevServer.findPageComponents (file:///home/balaraj/Darwin/frontend/node_modules/next/dist/server/dev/next-dev-server.js:690:43)
    at async DevServer.renderErrorToResponseImpl (file:///home/balaraj/Darwin/frontend/node_modules/next/dist/server/base-server.js:1753:26)
[   39157ms] [LOG] [HMR] connected @ http://localhost:3000/_next/static/chunks/node_modules_next_dist_1gdrd03._.js:1226
[   39249ms] [ERROR] ./src/index.css:1842:8
Parsing CSS source code failed
  1840 |   }
  1841 | }
> 1842 | @import url("https://fonts.googleapis.com/css2?family=Inter:wght@300...
       |        ^
  1843 | * {
  1844 |   box-sizing: border-box;
  1845 | }

@import rules must precede all rules aside from @charset and @layer statements

Generated code of PostCSS transform of file content of src/index.css:
./src/index.css:1842:8
  1840 |   }
  1841 | }
> 1842 | @import url("https://fonts.googleapis.com/css2?family=Inter:wght@300...
       |        ^
  1843 | * {
  1844 |   box-sizing: border-box;
  1845 | }

Import trace:
  Client Component Browser:
    ./src/index.css [Client Component Browser]
    ./src/app/layout.tsx [Server Component] @ http://localhost:3000/_next/static/chunks/node_modules_next_dist_1gdrd03._.js:1945
[   39284ms] [ERROR] ./src/index.css:1842:8
Parsing CSS source code failed
  1840 |   }
  1841 | }
> 1842 | @import url("https://fonts.googleapis.com/css2?family=Inter:wght@300...
       |        ^
  1843 | * {
  1844 |   box-sizing: border-box;
  1845 | }

@import rules must precede all rules aside from @charset and @layer statements

Generated code of PostCSS transform of file content of src/index.css:
./src/index.css:1842:8
  1840 |   }
  1841 | }
> 1842 | @import url("https://fonts.googleapis.com/css2?family=Inter:wght@300...
       |        ^
  1843 | * {
  1844 |   box-sizing: border-box;
  1845 | }

Import trace:
  Client Component Browser:
    ./src/index.css [Client Component Browser]
    ./src/app/layout.tsx [Server Component] @ http://localhost:3000/_next/static/chunks/node_modules_next_dist_1gdrd03._.js:1945
[   39352ms] [LOG] [Fast Refresh] rebuilding @ http://localhost:3000/_next/static/chunks/node_modules_next_dist_1gdrd03._.js:1226
[   39550ms] [ERROR] ./src/index.css:1842:8
Parsing CSS source code failed
  1840 |   }
  1841 | }
> 1842 | @import url("https://fonts.googleapis.com/css2?family=Inter:wght@300...
       |        ^
  1843 | * {
  1844 |   box-sizing: border-box;
  1845 | }

@import rules must precede all rules aside from @charset and @layer statements

Generated code of PostCSS transform of file content of src/index.css:
./src/index.css:1842:8
  1840 |   }
  1841 | }
> 1842 | @import url("https://fonts.googleapis.com/css2?family=Inter:wght@300...
       |        ^
  1843 | * {
  1844 |   box-sizing: border-box;
  1845 | }

Import trace:
  Client Component Browser:
    ./src/index.css [Client Component Browser]
    ./src/app/layout.tsx [Server Component] @ http://localhost:3000/_next/static/chunks/node_modules_next_dist_1gdrd03._.js:1945
[   40802ms] [ERROR] ./src/index.css:1842:8
Parsing CSS source code failed
  1840 |   }
  1841 | }
> 1842 | @import url("https://fonts.googleapis.com/css2?family=Inter:wght@300...
       |        ^
  1843 | * {
  1844 |   box-sizing: border-box;
  1845 | }

@import rules must precede all rules aside from @charset and @layer statements

Generated code of PostCSS transform of file content of src/index.css:
./src/index.css:1842:8
  1840 |   }
  1841 | }
> 1842 | @import url("https://fonts.googleapis.com/css2?family=Inter:wght@300...
       |        ^
  1843 | * {
  1844 |   box-sizing: border-box;
  1845 | }

Import trace:
  Client Component Browser:
    ./src/index.css [Client Component Browser]
    ./src/app/layout.tsx [Server Component] @ http://localhost:3000/_next/static/chunks/node_modules_next_dist_1gdrd03._.js:1945
[   40864ms] [LOG] [Fast Refresh] rebuilding @ http://localhost:3000/_next/static/chunks/node_modules_next_dist_1gdrd03._.js:1226
[   59528ms] [LOG] [Fast Refresh] rebuilding @ http://localhost:3000/_next/static/chunks/node_modules_next_dist_1gdrd03._.js:1226
[   59931ms] [LOG] [Fast Refresh] done in 317ms @ http://localhost:3000/_next/static/chunks/node_modules_next_dist_1gdrd03._.js:1226
[   60297ms] [INFO] %cDownload the React DevTools for a better development experience: https://react.dev/link/react-devtools font-weight:bold @ http://localhost:3000/_next/static/chunks/node_modules_next_dist_1ybzpk2._.js:2477
[   60325ms] [LOG] [HMR] connected @ http://localhost:3000/_next/static/chunks/node_modules_next_dist_1ybzpk2._.js:2477
[   71315ms] [LOG] [Fast Refresh] rebuilding @ http://localhost:3000/_next/static/chunks/node_modules_next_dist_1ybzpk2._.js:2477
[   71969ms] [LOG] [Fast Refresh] done in 754ms @ http://localhost:3000/_next/static/chunks/node_modules_next_dist_1ybzpk2._.js:2477
[   72074ms] [LOG] [Fast Refresh] rebuilding @ http://localhost:3000/_next/static/chunks/node_modules_next_dist_1ybzpk2._.js:2477
[   72152ms] [LOG] [Fast Refresh] done in 177ms @ http://localhost:3000/_next/static/chunks/node_modules_next_dist_1ybzpk2._.js:2477
[   81517ms] [LOG] [Fast Refresh] rebuilding @ http://localhost:3000/_next/static/chunks/node_modules_next_dist_1ybzpk2._.js:2477
[   81551ms] [LOG] [Fast Refresh] done in 105ms @ http://localhost:3000/_next/static/chunks/node_modules_next_dist_1ybzpk2._.js:2477
[   91525ms] [LOG] [Fast Refresh] rebuilding @ http://localhost:3000/_next/static/chunks/node_modules_next_dist_1ybzpk2._.js:2477
[   92229ms] [LOG] [Fast Refresh] done in 801ms @ http://localhost:3000/_next/static/chunks/node_modules_next_dist_1ybzpk2._.js:2477
[   92379ms] [LOG] [Fast Refresh] rebuilding @ http://localhost:3000/_next/static/chunks/node_modules_next_dist_1ybzpk2._.js:2477
[   92380ms] [LOG] [Fast Refresh] done in 102ms @ http://localhost:3000/_next/static/chunks/node_modules_next_dist_1ybzpk2._.js:2477
[   92556ms] [INFO] %cDownload the React DevTools for a better development experience: https://react.dev/link/react-devtools font-weight:bold @ http://localhost:3000/_next/static/chunks/node_modules_next_dist_1ybzpk2._.js:2477
[   92586ms] [LOG] [HMR] connected @ http://localhost:3000/_next/static/chunks/node_modules_next_dist_1ybzpk2._.js:2477
